******************************************************************************
                  TI ARM Linker Unix v18.1.3                   
******************************************************************************
>> Linked Tue Nov 20 21:35:04 2018

OUTPUT FILE NAME:   <Systick.out>
ENTRY POINT SYMBOL: "_c_int00_noargs"  address: 00001019


MEMORY CONFIGURATION

         name            origin    length      used     unused   attr    fill
----------------------  --------  ---------  --------  --------  ----  --------
  FLASH                 00000000   00040000  00001262  0003ed9e  R  X
  SRAM                  20000000   00008000  000008c8  00007738  RW X


SEGMENT ALLOCATION MAP

run origin  load origin   length   init length attrs members
----------  ----------- ---------- ----------- ----- -------
00000000    00000000    00001268   00001268    r-x
  00000000    00000000    0000026c   0000026c    r-- .intvecs
  0000026c    0000026c    00000e26   00000e26    r-x .text
  00001092    00001092    00000008   00000008    r-- .const
  000010a0    000010a0    000001c8   000001c8    r-- .cinit
20000000    20000000    000008c8   00000000    rw-
  20000000    20000000    000004d0   00000000    rw- .bss
  200004d0    200004d0    00000200   00000000    rw- .stack
  200006d0    200006d0    000001f8   00000000    rw- .data


SECTION ALLOCATION MAP

 output                                  attributes/
section   page    origin      length       input sections
--------  ----  ----------  ----------   ----------------
.intvecs   0    00000000    0000026c     
                  00000000    0000026c     tm4c123gh6pm_startup_ccs.obj (.intvecs)

.text      0    0000026c    00000e26     
                  0000026c    00000820     UART_Prog.obj (.text)
                  00000a8c    000001f0     GPIO_Prog.obj (.text)
                  00000c7c    000000a0     Common_Func.obj (.text)
                  00000d1c    0000009c     rtsv7M4_T_le_v4SPD16_eabi.lib : memcpy_t2.asm.obj (.text)
                  00000db8    0000007a                                   : memset_t2.asm.obj (.text)
                  00000e32    00000002     --HOLE-- [fill = 0]
                  00000e34    00000078     PLL.obj (.text)
                  00000eac    00000074     Systick.obj (.text)
                  00000f20    00000068     rtsv7M4_T_le_v4SPD16_eabi.lib : copy_decompress_lzss.c.obj (.text:decompress:lzss:__TI_decompress_lzss)
                  00000f88    0000004a     main.obj (.text)
                  00000fd2    00000002     --HOLE-- [fill = 0]
                  00000fd4    00000044     rtsv7M4_T_le_v4SPD16_eabi.lib : autoinit.c.obj (.text:__TI_auto_init_nobinit_nopinit:__TI_auto_init_nobinit_nopinit)
                  00001018    00000038                                   : boot_cortex_m.c.obj (.text:_c_int00_noargs:_c_int00_noargs)
                  00001050    00000014                                   : strcpy.c.obj (.text:strcpy)
                  00001064    0000000e                                   : copy_decompress_none.c.obj (.text:decompress:none:__TI_decompress_none)
                  00001072    0000000c                                   : copy_zero_init.c.obj (.text:decompress:ZI:__TI_zero_init)
                  0000107e    0000000c     tm4c123gh6pm_startup_ccs.obj (.text)
                  0000108a    00000004     rtsv7M4_T_le_v4SPD16_eabi.lib : pre_init.c.obj (.text:_system_pre_init)
                  0000108e    00000004                                   : exit.c.obj (.text:abort:abort)

.const     0    00001092    00000008     
                  00001092    00000008     UART_Prog.obj (.const:.string:Uart_IRQ_list)

.cinit     0    000010a0    000001c8     
                  000010a0    000001a3     (.cinit..data.load) [load image, compression = lzss]
                  00001243    00000001     --HOLE-- [fill = 0]
                  00001244    0000000c     (__TI_handler_table)
                  00001250    00000008     (.cinit..bss.load) [load image, compression = zero_init]
                  00001258    00000010     (__TI_cinit_table)

.init_array 
*          0    00000000    00000000     UNINITIALIZED

.bss       0    20000000    000004d0     UNINITIALIZED
                  20000000    00000258     (.common:Uart5_Receive)
                  20000258    000001f4     (.common:arrBack)
                  2000044c    00000014     (.common:Uart0_Receive)
                  20000460    00000014     (.common:Uart1_Receive)
                  20000474    00000014     (.common:Uart3_Receive)
                  20000488    00000014     (.common:Uart4_Receive)
                  2000049c    00000014     (.common:Uart6_Receive)
                  200004b0    00000014     (.common:Uart7_Receive)
                  200004c4    0000000c     (.common:Uart2_Receive)

.data      0    200006d0    000001f8     UNINITIALIZED
                  200006d0    00000030     UART_Prog.obj (.data:UART)
                  20000700    00000018     GPIO_Private.obj (.data:GPIO_AFSEL_REGs)
                  20000718    00000018     GPIO_Private.obj (.data:GPIO_CR_REGs)
                  20000730    00000018     GPIO_Private.obj (.data:GPIO_DATA_REGs)
                  20000748    00000018     GPIO_Private.obj (.data:GPIO_DEN_REGs)
                  20000760    00000018     GPIO_Private.obj (.data:GPIO_DIR_REGs)
                  20000778    00000018     GPIO_Private.obj (.data:GPIO_LOCK_REGs)
                  20000790    00000018     GPIO_Private.obj (.data:GPIO_PTCL_REGs)
                  200007a8    00000018     GPIO_Private.obj (.data:GPIO_PUR_REGs)
                  200007c0    00000018     UART_Private.obj (.data:UART_CC_REGs)
                  200007d8    00000018     UART_Private.obj (.data:UART_CTL_REGs)
                  200007f0    00000018     UART_Private.obj (.data:UART_DR_REGs)
                  20000808    00000018     UART_Private.obj (.data:UART_FBRD_REGs)
                  20000820    00000018     UART_Private.obj (.data:UART_FR_REGs)
                  20000838    00000018     UART_Private.obj (.data:UART_IBRD_REGs)
                  20000850    00000018     UART_Private.obj (.data:UART_ICR_REGs)
                  20000868    00000018     UART_Private.obj (.data:UART_IM_REGs)
                  20000880    00000018     UART_Private.obj (.data:UART_LCRH_REGs)
                  20000898    00000010     Common_Func.obj (.data:NVIC_Disable_Rs)
                  200008a8    00000010     Common_Func.obj (.data:NVIC_Enable_Rs)
                  200008b8    00000010     UART_Prog.obj (.data)

.stack     0    200004d0    00000200     UNINITIALIZED
                  200004d0    00000004     rtsv7M4_T_le_v4SPD16_eabi.lib : boot_cortex_m.c.obj (.stack)
                  200004d4    000001fc     --HOLE--

MODULE SUMMARY

       Module                         code   ro data   rw data
       ------                         ----   -------   -------
    ./
       UART_Prog.obj                  2080   8         1296   
       tm4c123gh6pm_startup_ccs.obj   12     620       0      
       GPIO_Prog.obj                  496    0         0      
       UART_Private.obj               0      0         216    
       Common_Func.obj                160    0         32     
       GPIO_Private.obj               0      0         192    
       PLL.obj                        120    0         0      
       Systick.obj                    116    0         0      
       main.obj                       74     0         0      
    +--+------------------------------+------+---------+---------+
       Total:                         3058   628       1736   
                                                              
    /home/eng-magdy/ti/ccsv8/tools/compiler/ti-cgt-arm_18.1.3.LTS/lib/rtsv7M4_T_le_v4SPD16_eabi.lib
       memcpy_t2.asm.obj              156    0         0      
       memset_t2.asm.obj              122    0         0      
       copy_decompress_lzss.c.obj     104    0         0      
       autoinit.c.obj                 68     0         0      
       boot_cortex_m.c.obj            56     0         0      
       strcpy.c.obj                   20     0         0      
       copy_decompress_none.c.obj     14     0         0      
       copy_zero_init.c.obj           12     0         0      
       exit.c.obj                     4      0         0      
       pre_init.c.obj                 4      0         0      
    +--+------------------------------+------+---------+---------+
       Total:                         560    0         0      
                                                              
       Stack:                         0      0         512    
       Linker Generated:              0      455       0      
    +--+------------------------------+------+---------+---------+
       Grand Total:                   3618   1083      2248   


LINKER GENERATED COPY TABLES

__TI_cinit_table @ 00001258 records: 2, size/record: 8, table size: 16
	.data: load addr=000010a0, load size=000001a3 bytes, run addr=200006d0, run size=000001f8 bytes, compression=lzss
	.bss: load addr=00001250, load size=00000008 bytes, run addr=20000000, run size=000004d0 bytes, compression=zero_init


LINKER GENERATED HANDLER TABLE

__TI_handler_table @ 00001244 records: 3, size/record: 4, table size: 12
	index: 0, handler: __TI_decompress_lzss
	index: 1, handler: __TI_decompress_none
	index: 2, handler: __TI_zero_init


GLOBAL SYMBOLS: SORTED ALPHABETICALLY BY Name 

address   name                          
-------   ----                          
0000108f  C$$EXIT                       
000006e5  Clear_Buffer                  
00000c7d  DisableInterrupts             
00000c81  EnableInterrupts              
20000700  GPIO_AFSEL_REGs               
20000718  GPIO_CR_REGs                  
20000730  GPIO_DATA_REGs                
20000748  GPIO_DEN_REGs                 
20000760  GPIO_DIR_REGs                 
20000778  GPIO_LOCK_REGs                
20000790  GPIO_PTCL_REGs                
200007a8  GPIO_PUR_REGs                 
00000bc3  GPIO_ReadPinVal               
00000c11  GPIO_TogglePinVal             
00000a8d  GPIO_WritePinDir              
00000b65  GPIO_WritePinVal              
00000ccd  NVIC_DisableIRQ               
20000898  NVIC_Disable_Rs               
00000c85  NVIC_EnableIRQ                
200008a8  NVIC_Enable_Rs                
00000e35  PLL_Enable                    
200008b8  ReceiveComplete0              
200008ba  ReceiveComplete1              
200008bc  ReceiveComplete2              
200008be  ReceiveComplete3              
200008c0  ReceiveComplete4              
200008c2  ReceiveComplete5              
200008c4  ReceiveComplete6              
200008c6  ReceiveComplete7              
0000107f  ResetISR                      
00000ee5  SysTick_Delay_ms              
00000ead  SysTick_Init                  
200006d0  UART                          
00000791  UART0_ISR                     
000007e1  UART1_ISR                     
00000831  UART2_ISR                     
00000895  UART3_ISR                     
000008e1  UART4_ISR                     
0000092d  UART5_ISR                     
00000975  UART6_ISR                     
000009bb  UART7_ISR                     
200007c0  UART_CC_REGs                  
200007d8  UART_CTL_REGs                 
200007f0  UART_DR_REGs                  
20000808  UART_FBRD_REGs                
20000820  UART_FR_REGs                  
20000838  UART_IBRD_REGs                
20000850  UART_ICR_REGs                 
20000868  UART_IM_REGs                  
0000026d  UART_Init                     
20000880  UART_LCRH_REGs                
00000645  UART_Read_String              
0000057d  UART_Recieve                  
00000535  UART_Transmit                 
000005f9  UART_Write_String             
2000044c  Uart0_Receive                 
20000460  Uart1_Receive                 
200004c4  Uart2_Receive                 
20000474  Uart3_Receive                 
20000488  Uart4_Receive                 
20000000  Uart5_Receive                 
2000049c  Uart6_Receive                 
200004b0  Uart7_Receive                 
200006d0  __STACK_END                   
00000200  __STACK_SIZE                  
200006d0  __STACK_TOP                   
00001258  __TI_CINIT_Base               
00001268  __TI_CINIT_Limit              
00001244  __TI_Handler_Table_Base       
00001250  __TI_Handler_Table_Limit      
00000fd5  __TI_auto_init_nobinit_nopinit
00000f21  __TI_decompress_lzss          
00001065  __TI_decompress_none          
ffffffff  __TI_pprof_out_hndl           
ffffffff  __TI_prof_data_size           
ffffffff  __TI_prof_data_start          
00000000  __TI_static_base__            
00001073  __TI_zero_init                
00000db9  __aeabi_memclr                
00000db9  __aeabi_memclr4               
00000db9  __aeabi_memclr8               
00000d1d  __aeabi_memcpy                
00000d1d  __aeabi_memcpy4               
00000d1d  __aeabi_memcpy8               
00000dbb  __aeabi_memset                
00000dbb  __aeabi_memset4               
00000dbb  __aeabi_memset8               
ffffffff  __binit__                     
ffffffff  __c_args__                    
UNDEFED   __mpu_init                    
200004d0  __stack                       
00001019  _c_int00_noargs               
UNDEFED   _system_post_cinit            
0000108b  _system_pre_init              
0000108f  abort                         
20000258  arrBack                       
ffffffff  binit                         
00000000  g_pfnVectors                  
200008b9  i0                            
200008bb  i1                            
200008bd  i2                            
200008bf  i3                            
200008c1  i4                            
200008c3  i5                            
200008c5  i6                            
200008c7  i7                            
00000f89  main                          
00000d1d  memcpy                        
00000dc1  memset                        
00001051  strcpy                        


GLOBAL SYMBOLS: SORTED BY Symbol Address 

address   name                          
-------   ----                          
00000000  __TI_static_base__            
00000000  g_pfnVectors                  
00000200  __STACK_SIZE                  
0000026d  UART_Init                     
00000535  UART_Transmit                 
0000057d  UART_Recieve                  
000005f9  UART_Write_String             
00000645  UART_Read_String              
000006e5  Clear_Buffer                  
00000791  UART0_ISR                     
000007e1  UART1_ISR                     
00000831  UART2_ISR                     
00000895  UART3_ISR                     
000008e1  UART4_ISR                     
0000092d  UART5_ISR                     
00000975  UART6_ISR                     
000009bb  UART7_ISR                     
00000a8d  GPIO_WritePinDir              
00000b65  GPIO_WritePinVal              
00000bc3  GPIO_ReadPinVal               
00000c11  GPIO_TogglePinVal             
00000c7d  DisableInterrupts             
00000c81  EnableInterrupts              
00000c85  NVIC_EnableIRQ                
00000ccd  NVIC_DisableIRQ               
00000d1d  __aeabi_memcpy                
00000d1d  __aeabi_memcpy4               
00000d1d  __aeabi_memcpy8               
00000d1d  memcpy                        
00000db9  __aeabi_memclr                
00000db9  __aeabi_memclr4               
00000db9  __aeabi_memclr8               
00000dbb  __aeabi_memset                
00000dbb  __aeabi_memset4               
00000dbb  __aeabi_memset8               
00000dc1  memset                        
00000e35  PLL_Enable                    
00000ead  SysTick_Init                  
00000ee5  SysTick_Delay_ms              
00000f21  __TI_decompress_lzss          
00000f89  main                          
00000fd5  __TI_auto_init_nobinit_nopinit
00001019  _c_int00_noargs               
00001051  strcpy                        
00001065  __TI_decompress_none          
00001073  __TI_zero_init                
0000107f  ResetISR                      
0000108b  _system_pre_init              
0000108f  C$$EXIT                       
0000108f  abort                         
00001244  __TI_Handler_Table_Base       
00001250  __TI_Handler_Table_Limit      
00001258  __TI_CINIT_Base               
00001268  __TI_CINIT_Limit              
20000000  Uart5_Receive                 
20000258  arrBack                       
2000044c  Uart0_Receive                 
20000460  Uart1_Receive                 
20000474  Uart3_Receive                 
20000488  Uart4_Receive                 
2000049c  Uart6_Receive                 
200004b0  Uart7_Receive                 
200004c4  Uart2_Receive                 
200004d0  __stack                       
200006d0  UART                          
200006d0  __STACK_END                   
200006d0  __STACK_TOP                   
20000700  GPIO_AFSEL_REGs               
20000718  GPIO_CR_REGs                  
20000730  GPIO_DATA_REGs                
20000748  GPIO_DEN_REGs                 
20000760  GPIO_DIR_REGs                 
20000778  GPIO_LOCK_REGs                
20000790  GPIO_PTCL_REGs                
200007a8  GPIO_PUR_REGs                 
200007c0  UART_CC_REGs                  
200007d8  UART_CTL_REGs                 
200007f0  UART_DR_REGs                  
20000808  UART_FBRD_REGs                
20000820  UART_FR_REGs                  
20000838  UART_IBRD_REGs                
20000850  UART_ICR_REGs                 
20000868  UART_IM_REGs                  
20000880  UART_LCRH_REGs                
20000898  NVIC_Disable_Rs               
200008a8  NVIC_Enable_Rs                
200008b8  ReceiveComplete0              
200008b9  i0                            
200008ba  ReceiveComplete1              
200008bb  i1                            
200008bc  ReceiveComplete2              
200008bd  i2                            
200008be  ReceiveComplete3              
200008bf  i3                            
200008c0  ReceiveComplete4              
200008c1  i4                            
200008c2  ReceiveComplete5              
200008c3  i5                            
200008c4  ReceiveComplete6              
200008c5  i6                            
200008c6  ReceiveComplete7              
200008c7  i7                            
ffffffff  __TI_pprof_out_hndl           
ffffffff  __TI_prof_data_size           
ffffffff  __TI_prof_data_start          
ffffffff  __binit__                     
ffffffff  __c_args__                    
ffffffff  binit                         
UNDEFED   __mpu_init                    
UNDEFED   _system_post_cinit            

[110 symbols]
